// Jest Snapshot v1, https://goo.gl/fbAQLP

exports[`Signature help snapshot generic 1`] = `
{
  "signatures": [
    {
      "activeParameter": 0,
      "label": "GENERIC_A, GENERIC_B",
      "parameters": [
        {
          "documentation": {
            "kind": "markdown",
            "value": "\`\`\`vhdl
GENERIC_A : integer := 5
\`\`\`",
          },
          "label": "GENERIC_A",
        },
        {
          "documentation": {
            "kind": "markdown",
            "value": "\`\`\`vhdl
GENERIC_B : integer := 5
\`\`\`",
          },
          "label": "GENERIC_B",
        },
      ],
    },
  ],
}
`;
